[    2095ms] [INFO] %cDownload the React DevTools for a better development experience: https://reactjs.org/link/react-devtools font-weight:bold @ http://localhost:5173/node_modules/.vite/deps/chunk-TYILIMWK.js?v=92caf8f9:21550
[    2253ms] [ERROR] Failed to load resource: the server responded with a status of 404 (Not Found) @ http://localhost:5173/favicon.ico:0
[   42562ms] [ERROR] Failed to load resource: the server responded with a status of 401 (Unauthorized) @ http://localhost:5173/api/auth/login:0
[  201728ms] ReferenceError: SyncBadge is not defined
    at AppInner (http://localhost:5173/src/App.jsx:84:32)
    at renderWithHooks (http://localhost:5173/node_modules/.vite/deps/chunk-TYILIMWK.js?v=92caf8f9:11548:26)
    at updateFunctionComponent (http://localhost:5173/node_modules/.vite/deps/chunk-TYILIMWK.js?v=92caf8f9:14582:28)
    at beginWork (http://localhost:5173/node_modules/.vite/deps/chunk-TYILIMWK.js?v=92caf8f9:15924:22)
    at HTMLUnknownElement.callCallback2 (http://localhost:5173/node_modules/.vite/deps/chunk-TYILIMWK.js?v=92caf8f9:3674:22)
    at Object.invokeGuardedCallbackDev (http://localhost:5173/node_modules/.vite/deps/chunk-TYILIMWK.js?v=92caf8f9:3699:24)
    at invokeGuardedCallback (http://localhost:5173/node_modules/.vite/deps/chunk-TYILIMWK.js?v=92caf8f9:3733:39)
    at beginWork$1 (http://localhost:5173/node_modules/.vite/deps/chunk-TYILIMWK.js?v=92caf8f9:19765:15)
    at performUnitOfWork (http://localhost:5173/node_modules/.vite/deps/chunk-TYILIMWK.js?v=92caf8f9:19198:20)
    at workLoopSync (http://localhost:5173/node_modules/.vite/deps/chunk-TYILIMWK.js?v=92caf8f9:19137:13)
[  201729ms] ReferenceError: SyncBadge is not defined
    at AppInner (http://localhost:5173/src/App.jsx:84:32)
    at renderWithHooks (http://localhost:5173/node_modules/.vite/deps/chunk-TYILIMWK.js?v=92caf8f9:11548:26)
    at updateFunctionComponent (http://localhost:5173/node_modules/.vite/deps/chunk-TYILIMWK.js?v=92caf8f9:14582:28)
    at beginWork (http://localhost:5173/node_modules/.vite/deps/chunk-TYILIMWK.js?v=92caf8f9:15924:22)
    at HTMLUnknownElement.callCallback2 (http://localhost:5173/node_modules/.vite/deps/chunk-TYILIMWK.js?v=92caf8f9:3674:22)
    at Object.invokeGuardedCallbackDev (http://localhost:5173/node_modules/.vite/deps/chunk-TYILIMWK.js?v=92caf8f9:3699:24)
    at invokeGuardedCallback (http://localhost:5173/node_modules/.vite/deps/chunk-TYILIMWK.js?v=92caf8f9:3733:39)
    at beginWork$1 (http://localhost:5173/node_modules/.vite/deps/chunk-TYILIMWK.js?v=92caf8f9:19765:15)
    at performUnitOfWork (http://localhost:5173/node_modules/.vite/deps/chunk-TYILIMWK.js?v=92caf8f9:19198:20)
    at workLoopSync (http://localhost:5173/node_modules/.vite/deps/chunk-TYILIMWK.js?v=92caf8f9:19137:13)
[  201730ms] [ERROR] The above error occurred in the <AppInner> component:

    at AppInner (http://localhost:5173/src/App.jsx:52:29)
    at CartProvider (http://localhost:5173/src/state/cart-context.jsx:50:32)
    at SyncProvider (http://localhost:5173/src/state/sync-context.jsx:22:32)
    at AuthProvider (http://localhost:5173/src/state/auth-context.jsx:22:32)
    at App

Consider adding an error boundary to your tree to customize error handling behavior.
Visit https://reactjs.org/link/error-boundaries to learn more about error boundaries. @ http://localhost:5173/node_modules/.vite/deps/chunk-TYILIMWK.js?v=92caf8f9:14031
[  201734ms] ReferenceError: SyncBadge is not defined
    at AppInner (http://localhost:5173/src/App.jsx:84:32)
    at renderWithHooks (http://localhost:5173/node_modules/.vite/deps/chunk-TYILIMWK.js?v=92caf8f9:11548:26)
    at updateFunctionComponent (http://localhost:5173/node_modules/.vite/deps/chunk-TYILIMWK.js?v=92caf8f9:14582:28)
    at beginWork (http://localhost:5173/node_modules/.vite/deps/chunk-TYILIMWK.js?v=92caf8f9:15924:22)
    at beginWork$1 (http://localhost:5173/node_modules/.vite/deps/chunk-TYILIMWK.js?v=92caf8f9:19753:22)
    at performUnitOfWork (http://localhost:5173/node_modules/.vite/deps/chunk-TYILIMWK.js?v=92caf8f9:19198:20)
    at workLoopSync (http://localhost:5173/node_modules/.vite/deps/chunk-TYILIMWK.js?v=92caf8f9:19137:13)
    at renderRootSync (http://localhost:5173/node_modules/.vite/deps/chunk-TYILIMWK.js?v=92caf8f9:19116:15)
    at recoverFromConcurrentError (http://localhost:5173/node_modules/.vite/deps/chunk-TYILIMWK.js?v=92caf8f9:18736:28)
    at performConcurrentWorkOnRoot (http://localhost:5173/node_modules/.vite/deps/chunk-TYILIMWK.js?v=92caf8f9:18684:30)
[  328598ms] ReferenceError: logout is not defined
    at AppInner (http://localhost:5173/src/App.jsx?t=1791129784153:116:53)
    at renderWithHooks (http://localhost:5173/node_modules/.vite/deps/chunk-TYILIMWK.js?v=92caf8f9:11548:26)
    at updateFunctionComponent (http://localhost:5173/node_modules/.vite/deps/chunk-TYILIMWK.js?v=92caf8f9:14582:28)
    at beginWork (http://localhost:5173/node_modules/.vite/deps/chunk-TYILIMWK.js?v=92caf8f9:15924:22)
    at HTMLUnknownElement.callCallback2 (http://localhost:5173/node_modules/.vite/deps/chunk-TYILIMWK.js?v=92caf8f9:3674:22)
    at Object.invokeGuardedCallbackDev (http://localhost:5173/node_modules/.vite/deps/chunk-TYILIMWK.js?v=92caf8f9:3699:24)
    at invokeGuardedCallback (http://localhost:5173/node_modules/.vite/deps/chunk-TYILIMWK.js?v=92caf8f9:3733:39)
    at beginWork$1 (http://localhost:5173/node_modules/.vite/deps/chunk-TYILIMWK.js?v=92caf8f9:19765:15)
    at performUnitOfWork (http://localhost:5173/node_modules/.vite/deps/chunk-TYILIMWK.js?v=92caf8f9:19198:20)
    at workLoopSync (http://localhost:5173/node_modules/.vite/deps/chunk-TYILIMWK.js?v=92caf8f9:19137:13)
[  328602ms] ReferenceError: logout is not defined
    at AppInner (http://localhost:5173/src/App.jsx?t=1791129784153:116:53)
    at renderWithHooks (http://localhost:5173/node_modules/.vite/deps/chunk-TYILIMWK.js?v=92caf8f9:11548:26)
    at updateFunctionComponent (http://localhost:5173/node_modules/.vite/deps/chunk-TYILIMWK.js?v=92caf8f9:14582:28)
    at beginWork (http://localhost:5173/node_modules/.vite/deps/chunk-TYILIMWK.js?v=92caf8f9:15924:22)
    at HTMLUnknownElement.callCallback2 (http://localhost:5173/node_modules/.vite/deps/chunk-TYILIMWK.js?v=92caf8f9:3674:22)
    at Object.invokeGuardedCallbackDev (http://localhost:5173/node_modules/.vite/deps/chunk-TYILIMWK.js?v=92caf8f9:3699:24)
    at invokeGuardedCallback (http://localhost:5173/node_modules/.vite/deps/chunk-TYILIMWK.js?v=92caf8f9:3733:39)
    at beginWork$1 (http://localhost:5173/node_modules/.vite/deps/chunk-TYILIMWK.js?v=92caf8f9:19765:15)
    at performUnitOfWork (http://localhost:5173/node_modules/.vite/deps/chunk-TYILIMWK.js?v=92caf8f9:19198:20)
    at workLoopSync (http://localhost:5173/node_modules/.vite/deps/chunk-TYILIMWK.js?v=92caf8f9:19137:13)
[  328595ms] [ERROR] The above error occurred in the <AppInner> component:

    at AppInner (http://localhost:5173/src/App.jsx?t=1791129784153:53:29)
    at CartProvider (http://localhost:5173/src/state/cart-context.jsx:50:32)
    at SyncProvider (http://localhost:5173/src/state/sync-context.jsx:22:32)
    at AuthProvider (http://localhost:5173/src/state/auth-context.jsx:22:32)
    at App

Consider adding an error boundary to your tree to customize error handling behavior.
Visit https://reactjs.org/link/error-boundaries to learn more about error boundaries. @ http://localhost:5173/node_modules/.vite/deps/chunk-TYILIMWK.js?v=92caf8f9:14031
[  328604ms] ReferenceError: logout is not defined
    at AppInner (http://localhost:5173/src/App.jsx?t=1791129784153:116:53)
    at renderWithHooks (http://localhost:5173/node_modules/.vite/deps/chunk-TYILIMWK.js?v=92caf8f9:11548:26)
    at updateFunctionComponent (http://localhost:5173/node_modules/.vite/deps/chunk-TYILIMWK.js?v=92caf8f9:14582:28)
    at beginWork (http://localhost:5173/node_modules/.vite/deps/chunk-TYILIMWK.js?v=92caf8f9:15924:22)
    at beginWork$1 (http://localhost:5173/node_modules/.vite/deps/chunk-TYILIMWK.js?v=92caf8f9:19753:22)
    at performUnitOfWork (http://localhost:5173/node_modules/.vite/deps/chunk-TYILIMWK.js?v=92caf8f9:19198:20)
    at workLoopSync (http://localhost:5173/node_modules/.vite/deps/chunk-TYILIMWK.js?v=92caf8f9:19137:13)
    at renderRootSync (http://localhost:5173/node_modules/.vite/deps/chunk-TYILIMWK.js?v=92caf8f9:19116:15)
    at recoverFromConcurrentError (http://localhost:5173/node_modules/.vite/deps/chunk-TYILIMWK.js?v=92caf8f9:18736:28)
    at performConcurrentWorkOnRoot (http://localhost:5173/node_modules/.vite/deps/chunk-TYILIMWK.js?v=92caf8f9:18684:30)
